\o /dev/null
\ir include/create_single_db.sql
SET client_min_messages = WARNING;
DROP DATABASE IF EXISTS single;
SET client_min_messages = NOTICE;
CREATE DATABASE single;
\c single
CREATE EXTENSION IF NOT EXISTS timescaledb;
\o
CREATE TABLE drop_test(time timestamp, temp float8, device text);
SELECT create_hypertable('drop_test', 'time', 'device', 2);
 create_hypertable 
-------------------
 
(1 row)

SELECT * FROM _timescaledb_catalog.hypertable;
 id | schema_name | table_name | associated_schema_name | associated_table_prefix | num_dimensions 
----+-------------+------------+------------------------+-------------------------+----------------
  1 | public      | drop_test  | _timescaledb_internal  | _hyper_1                |              2
(1 row)

INSERT INTO drop_test VALUES('Mon Mar 20 09:17:00.936242 2017', 23.4, 'dev1');
SELECT * FROM drop_test;
              time               | temp | device 
---------------------------------+------+--------
 Mon Mar 20 09:17:00.936242 2017 | 23.4 | dev1
(1 row)

DROP EXTENSION timescaledb CASCADE;
NOTICE:  drop cascades to 3 other objects
-- Querying the original table should not return any rows since all of
-- them actually existed in chunks that are now gone
SELECT * FROM drop_test;
 time | temp | device 
------+------+--------
(0 rows)

-- Recreate the extension
CREATE EXTENSION timescaledb;
-- Test that calling twice generates proper error
\set ON_ERROR_STOP 0
CREATE EXTENSION timescaledb;
ERROR:  extension "timescaledb" already exists
\set ON_ERROR_STOP 1
-- Make the table a hypertable again
SELECT create_hypertable('drop_test', 'time', 'device', 2);
 create_hypertable 
-------------------
 
(1 row)

SELECT * FROM _timescaledb_catalog.hypertable;
 id | schema_name | table_name | associated_schema_name | associated_table_prefix | num_dimensions 
----+-------------+------------+------------------------+-------------------------+----------------
  1 | public      | drop_test  | _timescaledb_internal  | _hyper_1                |              2
(1 row)

INSERT INTO drop_test VALUES('Mon Mar 20 09:18:19.100462 2017', 22.1, 'dev1');
SELECT * FROM drop_test;
              time               | temp | device 
---------------------------------+------+--------
 Mon Mar 20 09:18:19.100462 2017 | 22.1 | dev1
(1 row)

